[debug] [2026-07-27T16:06:32.562Z] ----------------------------------------------------------------------
[debug] [2026-07-27T16:06:32.563Z] Command:       /home/diego/.nvm/versions/node/v24.18.0/bin/node /mnt/c/Users/Diego Oliveira/AppData/Roaming/npm/node_modules/firebase-tools/lib/bin/firebase.js init hosting
[debug] [2026-07-27T16:06:32.564Z] CLI Version:   15.24.0
[debug] [2026-07-27T16:06:32.564Z] Platform:      linux
[debug] [2026-07-27T16:06:32.564Z] Node Version:  v24.18.0
[debug] [2026-07-27T16:06:32.564Z] Detected Agent: unknown
[debug] [2026-07-27T16:06:32.565Z] Time:          Mon Jul 27 2026 13:06:32 GMT-0300 (Brasilia Standard Time)
[debug] [2026-07-27T16:06:32.565Z] ----------------------------------------------------------------------
[debug] 
[info] 
     ######## #### ########  ######## ########     ###     ######  ########
     ##        ##  ##     ## ##       ##     ##  ##   ##  ##       ##
     ######    ##  ########  ######   ########  #########  ######  ######
     ##        ##  ##    ##  ##       ##     ## ##     ##       ## ##
     ##       #### ##     ## ######## ########  ##     ##  ######  ########

You're about to initialize a Firebase project in this directory:

  /mnt/e/Projetos/MeuFinanceiro/files (2)/meufinanceiro-projeto/meufinanceiro

Before we get started, keep in mind:

  * You are currently outside your home directory

[info] 
=== Project Setup
[info] 
[info] First, let's associate this project directory with a Firebase project.
[info] You can create multiple project aliases by running firebase use --add, 
[info] 
[debug] [2026-07-27T16:10:42.259Z] > command requires scopes: ["email","openid","https://www.googleapis.com/auth/cloudplatformprojects.readonly","https://www.googleapis.com/auth/firebase","https://www.googleapis.com/auth/cloud-platform"]
[debug] [2026-07-27T16:10:42.259Z] > authorizing via signed-in user (diego.poliveira1@gmail.com)
[debug] [2026-07-27T16:10:42.276Z] Checked if tokens are valid: true, expires at: 1785171913325
[debug] [2026-07-27T16:10:42.276Z] Checked if tokens are valid: true, expires at: 1785171913325
[debug] [2026-07-27T16:10:42.277Z] >>> [apiv2][query] GET https://firebase.googleapis.com/v1beta1/projects pageSize=100
[debug] [2026-07-27T16:10:43.103Z] <<< [apiv2][status] GET https://firebase.googleapis.com/v1beta1/projects 200
[debug] [2026-07-27T16:10:43.103Z] <<< [apiv2][body] GET https://firebase.googleapis.com/v1beta1/projects [omitted]
[info] 
=== Hosting Setup
[debug] [2026-07-27T16:10:43.408Z] Error: Cannot find module 'vite'
Require stack:
- /mnt/c/Users/Diego Oliveira/AppData/Roaming/npm/node_modules/firebase-tools/lib/frameworks/utils.js
- /mnt/c/Users/Diego Oliveira/AppData/Roaming/npm/node_modules/firebase-tools/lib/frameworks/index.js
- /mnt/c/Users/Diego Oliveira/AppData/Roaming/npm/node_modules/firebase-tools/lib/init/features/hosting/index.js
- /mnt/c/Users/Diego Oliveira/AppData/Roaming/npm/node_modules/firebase-tools/lib/init/features/index.js
- /mnt/c/Users/Diego Oliveira/AppData/Roaming/npm/node_modules/firebase-tools/lib/init/index.js
- /mnt/c/Users/Diego Oliveira/AppData/Roaming/npm/node_modules/firebase-tools/lib/commands/init.js
- /mnt/c/Users/Diego Oliveira/AppData/Roaming/npm/node_modules/firebase-tools/lib/commands/index.js
- /mnt/c/Users/Diego Oliveira/AppData/Roaming/npm/node_modules/firebase-tools/lib/index.js
- /mnt/c/Users/Diego Oliveira/AppData/Roaming/npm/node_modules/firebase-tools/lib/bin/cli.js
- /mnt/c/Users/Diego Oliveira/AppData/Roaming/npm/node_modules/firebase-tools/lib/bin/firebase.js
    at Module._resolveFilename (node:internal/modules/cjs/loader:1517:15)
    at wrapResolveFilename (node:internal/modules/cjs/loader:1071:27)
    at resolveForCJSWithHooks (node:internal/modules/cjs/loader:1122:12)
    at require.resolve (node:internal/modules/helpers:171:31)
    at relativeRequire (/mnt/c/Users/Diego Oliveira/AppData/Roaming/npm/node_modules/firebase-tools/lib/frameworks/utils.js:259:34)
    at getConfig (/mnt/c/Users/Diego Oliveira/AppData/Roaming/npm/node_modules/firebase-tools/lib/frameworks/vite/index.js:112:65)
    at discover (/mnt/c/Users/Diego Oliveira/AppData/Roaming/npm/node_modules/firebase-tools/lib/frameworks/vite/index.js:65:68)
    at async /mnt/c/Users/Diego Oliveira/AppData/Roaming/npm/node_modules/firebase-tools/lib/frameworks/vite/index.js:44:55
    at async discover (/mnt/c/Users/Diego Oliveira/AppData/Roaming/npm/node_modules/firebase-tools/lib/frameworks/index.js:50:32)
    at async Object.askQuestions (/mnt/c/Users/Diego Oliveira/AppData/Roaming/npm/node_modules/firebase-tools/lib/init/features/hosting/index.js:23:33)
[error] 
[error] Error: An unexpected error has occurred.
[debug] [2026-07-27T16:26:43.732Z] ----------------------------------------------------------------------
[debug] [2026-07-27T16:26:43.740Z] Command:       /home/diego/.nvm/versions/node/v24.18.0/bin/node /mnt/c/Users/Diego Oliveira/AppData/Roaming/npm/node_modules/firebase-tools/lib/bin/firebase.js init hosting
[debug] [2026-07-27T16:26:43.740Z] CLI Version:   15.24.0
[debug] [2026-07-27T16:26:43.740Z] Platform:      linux
[debug] [2026-07-27T16:26:43.741Z] Node Version:  v24.18.0
[debug] [2026-07-27T16:26:43.741Z] Detected Agent: unknown
[debug] [2026-07-27T16:26:43.741Z] Time:          Mon Jul 27 2026 13:26:43 GMT-0300 (Brasilia Standard Time)
[debug] [2026-07-27T16:26:43.741Z] ----------------------------------------------------------------------
[debug] 
[info] 
     ######## #### ########  ######## ########     ###     ######  ########
     ##        ##  ##     ## ##       ##     ##  ##   ##  ##       ##
     ######    ##  ########  ######   ########  #########  ######  ######
     ##        ##  ##    ##  ##       ##     ## ##     ##       ## ##
     ##       #### ##     ## ######## ########  ##     ##  ######  ########

You're about to initialize a Firebase project in this directory:

  /mnt/e/Projetos/MeuFinanceiro/files (2)/meufinanceiro-projeto/meufinanceiro

Before we get started, keep in mind:

  * You are currently outside your home directory

[info] 
=== Project Setup
[info] 
[info] First, let's associate this project directory with a Firebase project.
[info] You can create multiple project aliases by running firebase use --add, 
[info] 
[debug] [2026-07-27T16:27:44.247Z] > command requires scopes: ["email","openid","https://www.googleapis.com/auth/cloudplatformprojects.readonly","https://www.googleapis.com/auth/firebase","https://www.googleapis.com/auth/cloud-platform"]
[debug] [2026-07-27T16:27:44.248Z] > authorizing via signed-in user (diego.poliveira1@gmail.com)
[debug] [2026-07-27T16:27:44.266Z] Checked if tokens are valid: true, expires at: 1785171913325
[debug] [2026-07-27T16:27:44.266Z] Checked if tokens are valid: true, expires at: 1785171913325
[debug] [2026-07-27T16:27:44.267Z] >>> [apiv2][query] GET https://firebase.googleapis.com/v1beta1/projects/meufinanceiro-968d9 [none]
[debug] [2026-07-27T16:27:44.814Z] <<< [apiv2][status] GET https://firebase.googleapis.com/v1beta1/projects/meufinanceiro-968d9 200
[debug] [2026-07-27T16:27:44.814Z] <<< [apiv2][body] GET https://firebase.googleapis.com/v1beta1/projects/meufinanceiro-968d9 {"projectId":"meufinanceiro-968d9","projectNumber":"217237327289","displayName":"MeuFinanceiro","name":"projects/meufinanceiro-968d9","resources":{"hostingSite":"meufinanceiro-968d9"},"state":"ACTIVE","labels":{"firebase":"enabled"},"etag":"1_9e4d2791-5e1e-440e-80fb-212f3325c895"}
[info] i  Using project meufinanceiro-968d9 (MeuFinanceiro) . 
[info] 
=== Hosting Setup
[debug] [2026-07-27T16:27:57.423Z] Checked if tokens are valid: true, expires at: 1785171913325
[debug] [2026-07-27T16:27:57.424Z] Checked if tokens are valid: true, expires at: 1785171913325
[debug] [2026-07-27T16:27:57.424Z] >>> [apiv2][query] GET https://firebase.googleapis.com/v1beta1/projects/meufinanceiro-968d9 [none]
[debug] [2026-07-27T16:27:57.887Z] <<< [apiv2][status] GET https://firebase.googleapis.com/v1beta1/projects/meufinanceiro-968d9 200
[debug] [2026-07-27T16:27:57.887Z] <<< [apiv2][body] GET https://firebase.googleapis.com/v1beta1/projects/meufinanceiro-968d9 {"projectId":"meufinanceiro-968d9","projectNumber":"217237327289","displayName":"MeuFinanceiro","name":"projects/meufinanceiro-968d9","resources":{"hostingSite":"meufinanceiro-968d9"},"state":"ACTIVE","labels":{"firebase":"enabled"},"etag":"1_9e4d2791-5e1e-440e-80fb-212f3325c895"}
[info] 
[info] Your public directory is the folder (relative to your project directory) that
[info] will contain Hosting assets to be uploaded with firebase deploy. If you
[info] have a build process for your assets, use your build's output directory.
[info] 
